---
source: tui/src/update_prompt.rs
expression: terminal.backend()
---

  ✨ Update available! 0.0.0 -> 9.9.9

  Release notes: https://github.com/ikhdark/KD4/releases/latest

› 1. Update now (runs `powershell -ExecutionPolicy Bypass -c
     '$env:CODEX_NON_INTERACTIVE=1; irm
     https://raw.githubusercontent.com/ikhdark/KD4/main/scripts/install/install.
     ps1 | iex'`)
  2. Skip
  3. Skip until next version
