---
source: core/tests/suite/compact_remote.rs
expression: "format_labeled_requests_snapshot(\"Remote manual /compact with no prior user turn skips the remote compact request; the follow-up turn carries canonical context and new user message.\",\n&[(\"Remote Post-Compaction History Layout\", &follow_up_request)])"
---
Scenario: Remote manual /compact with no prior user turn skips the remote compact request; the follow-up turn carries canonical context and new user message.

## Remote Post-Compaction History Layout
00:message/user:<task_model_guidance>Before acting, form and maintain a working ...
01:message/developer:<PERMISSIONS_INSTRUCTIONS>
02:message/developer:<skills_usage_instructions>\n## How to use skills\n- Use the sma...
03:message/developer:<NO_TEXT>
04:message/user:<ENVIRONMENT_CONTEXT:cwd=<CWD>>
05:message/user:USER_ONE
