---
source: core/tests/suite/model_visible_layout.rs
assertion_line: 500
expression: "format_labeled_requests_snapshot(\"First post-resume turn where resumed config model differs from rollout and personality changes.\",\n&[(\"Last Request Before Resume\", &initial_request),\n(\"First Request After Resume\", &resumed_request),])"
---
Scenario: First post-resume turn where resumed config model differs from rollout and personality changes.

## Last Request Before Resume
00:message/developer:You are `/root`, the primary agent in a team of agents collaborating to fulfill the user's goals...
01:message/developer:<multi_agent_mode>Do not spawn sub-agents unless the user or applicable AGENTS.md/skill instruct...
02:message/user:<task_model_guidance>Before acting, form and maintain a working task model from the current requ...
03:message/developer:<PERMISSIONS_INSTRUCTIONS>
04:message/developer:<SKILLS_INSTRUCTIONS>
05:message/developer:<root_orchestration_instructions>When several independent tool calls and their result handling a...
06:message/user:<ENVIRONMENT_CONTEXT:cwd=<CWD>>
07:message/user:seed resume history

## First Request After Resume
00:message/developer:You are `/root`, the primary agent in a team of agents collaborating to fulfill the user's goals...
01:message/developer:<multi_agent_mode>Do not spawn sub-agents unless the user or applicable AGENTS.md/skill instruct...
02:message/user:<task_model_guidance>Before acting, form and maintain a working task model from the current requ...
03:message/developer:<PERMISSIONS_INSTRUCTIONS>
04:message/developer:<SKILLS_INSTRUCTIONS>
05:message/developer:<personality_spec> The user has requested a new communication style. Future messages should adhe...
06:message/developer:<root_orchestration_instructions>When several independent tool calls and their result handling a...
07:message/user:seed resume history
08:message/assistant:recorded before resume
09:message/developer:<model_switch>\nThe user was previously using a different model. Continue following the session'...
10:message/user:<ENVIRONMENT_CONTEXT:cwd=PRETURN_CONTEXT_DIFF_CWD>
11:message/user:resume and change personality
