---
source: core/tests/suite/compact_remote.rs
expression: "format_labeled_requests_snapshot(\"Remote pre-turn auto-compaction after realtime was closed between turns: the follow-up request emits realtime-end instructions from previous-turn settings even though compaction cleared the reference baseline.\",\n&[(\"Remote Compaction Request\", &compact_request),\n(\"Remote Post-Compaction History Layout\", post_compact_request),])"
---
Scenario: Remote pre-turn auto-compaction after realtime was closed between turns: the follow-up request emits realtime-end instructions from previous-turn settings even though compaction cleared the reference baseline.

## Remote Compaction Request
00:message/user:<task_model_guidance>Before acting, form and maintain a working ...
01:message/developer:<PERMISSIONS_INSTRUCTIONS>
02:message/developer:<skills_usage_instructions>\n## How to use skills\n- Use the sma...
03:message/developer:<NO_TEXT>
04:message/developer:<root_orchestration_instructions>When several independent tool c...
05:message/developer:<realtime_conversation>\nRealtime conversation started.\n\nYou a...
06:message/user:<ENVIRONMENT_CONTEXT:cwd=<CWD>>
07:message/user:USER_ONE
08:message/assistant:REMOTE_FIRST_REPLY

## Remote Post-Compaction History Layout
00:message/user:<task_model_guidance>Before acting, form and maintain a working ...
01:message/developer:<PERMISSIONS_INSTRUCTIONS>
02:message/developer:<skills_usage_instructions>\n## How to use skills\n- Use the sma...
03:message/developer:<NO_TEXT>
04:message/developer:<root_orchestration_instructions>When several independent tool c...
05:compaction:encrypted=true
06:message/developer:<root_orchestration_instructions>When several independent tool c...
07:message/developer:<realtime_conversation>\nRealtime conversation ended.\n\nSubsequ...
08:message/user:<ENVIRONMENT_CONTEXT:cwd=<CWD>>
09:message/user:USER_TWO
