---
source: core/tests/suite/compact_remote.rs
expression: "format_labeled_requests_snapshot(\"Remote pre-turn auto-compaction parse failure: compaction request excludes the incoming user message and the turn stops.\",\n&[(\"Remote Compaction Request (Incoming User Excluded)\",\n&first_compact_mock.single_request()),])"
---
Scenario: Remote pre-turn auto-compaction parse failure: compaction request excludes the incoming user message and the turn stops.

## Remote Compaction Request (Incoming User Excluded)
00:message/user:<task_model_guidance>Before acting, form and maintain a working ...
01:message/developer:<PERMISSIONS_INSTRUCTIONS>
02:message/developer:<skills_usage_instructions>\n## How to use skills\n- Use the sma...
03:message/developer:<NO_TEXT>
04:message/developer:<root_orchestration_instructions>When several independent tool c...
05:message/user:<ENVIRONMENT_CONTEXT:cwd=<CWD>>
06:message/user:turn that exceeds token threshold
07:message/assistant:initial turn complete
