---
source: core/tests/suite/compact_remote.rs
expression: "format_labeled_requests_snapshot(\"Remote mid-turn compaction where compact output has only a compaction item: continuation layout reinjects context before that compaction item.\",\n&[(\"Remote Compaction Request\", &compact_request),\n(\"Remote Post-Compaction History Layout\", &post_compact_turn_request),])"
---
Scenario: Remote mid-turn compaction where compact output has only a compaction item: continuation layout reinjects context before that compaction item.

## Remote Compaction Request
00:message/user:<task_model_guidance>Before acting, form and maintain a working ...
01:message/developer:<PERMISSIONS_INSTRUCTIONS>
02:message/developer:<skills_usage_instructions>\n## How to use skills\n- Use the sma...
03:message/developer:<NO_TEXT>
04:message/user:<ENVIRONMENT_CONTEXT:cwd=<CWD>>
05:message/user:USER_ONE
06:function_call/test_tool
07:function_call_output:unsupported call: test_tool

## Remote Post-Compaction History Layout
00:message/developer:<PERMISSIONS_INSTRUCTIONS>
01:message/developer:<skills_usage_instructions>\n## How to use skills\n- Use the sma...
02:message/developer:<NO_TEXT>
03:message/user:<ENVIRONMENT_CONTEXT:cwd=<CWD>>
04:compaction:encrypted=true
