---
source: core/tests/suite/compact.rs
expression: "format_labeled_requests_snapshot(\"Pre-turn auto-compaction context-window failure: compaction request excludes the incoming user message and the turn errors.\",\n&[(\"Local Compaction Request (Incoming User Excluded)\", &requests[1]),])"
---
Scenario: Pre-turn auto-compaction context-window failure: compaction request excludes the incoming user message and the turn errors.

## Local Compaction Request (Incoming User Excluded)
00:message/developer:<multi_agent_mode>Do not spawn sub-agents unless the user or app...
01:message/developer:<PERMISSIONS_INSTRUCTIONS>
02:message/developer:<skills_usage_instructions>\n## How to use skills\n- Use the sma...
03:message/developer:<NO_TEXT>
04:message/developer:<personality_spec>Use the following communication style for futu...
05:message/user:USER_ONE
06:message/developer:<exhaustive_scope_feasibility>\nBefore committing to an exhausti...
07:message/assistant:FIRST_REPLY
08:message/user:<SUMMARIZATION_PROMPT>
