---
source: core/tests/suite/compact.rs
expression: "format_labeled_requests_snapshot(\"True mid-turn continuation compaction after tool output: compact request includes tool artifacts, and the continuation request includes the summary in the same turn.\",\n&[(\"Local Compaction Request\", &auto_compact_mock.single_request()),\n(\"Local Post-Compaction History Layout\",\n&post_auto_compact_mock.single_request()),])"
---
Scenario: True mid-turn continuation compaction after tool output: compact request includes tool artifacts, and the continuation request includes the summary in the same turn.

## Local Compaction Request
00:message/developer:<root_orchestration_instructions>When several independent tool c...
01:message/developer:<multi_agent_mode>Do not spawn sub-agents unless the user or app...
02:message/developer:You are `/root`, the primary agent in a team of agents collabora...
03:message/developer:<PERMISSIONS_INSTRUCTIONS>
04:message/developer:<skills_usage_instructions>\n## How to use skills\n- Use the sma...
05:message/developer:<NO_TEXT>
06:message/developer:<personality_spec> The user has requested a new communication st...
07:message/user:function call limit push
08:function_call/test_tool
09:function_call_output:unsupported call: test_tool
10:message/user:<SUMMARIZATION_PROMPT>

## Local Post-Compaction History Layout
00:message/developer:<root_orchestration_instructions>When several independent tool c...
01:message/developer:<multi_agent_mode>Do not spawn sub-agents unless the user or app...
02:message/developer:You are `/root`, the primary agent in a team of agents collabora...
03:message/developer:<PERMISSIONS_INSTRUCTIONS>
04:message/developer:<skills_usage_instructions>\n## How to use skills\n- Use the sma...
05:message/developer:<NO_TEXT>
06:message/developer:<personality_spec> The user has requested a new communication st...
07:function_call/test_tool
08:function_call_output:unsupported call: test_tool
09:message/user:<ENVIRONMENT_CONTEXT:cwd=<CWD>>
10:message/user:<COMPACTION_SUMMARY>\nAUTO_SUMMARY
