---
source: core/tests/suite/compact_resume_fork.rs
expression: "context_snapshot::format_labeled_requests_snapshot(\"rollback past compaction replay after rollback\",\n&[(\"compaction request\", &requests[1]), (\"before rollback\", &requests[2]),\n(\"after rollback\", &requests[3]),],\n&ContextSnapshotOptions::default().strip_capability_instructions().render_mode(ContextSnapshotRenderMode::KindWithTextPrefix\n{ max_chars: 64 }),)"
---
Scenario: rollback past compaction replay after rollback

## compaction request
00:message/developer:<root_orchestration_instructions>When several independent tool c...
01:message/developer:<multi_agent_mode>Do not spawn sub-agents unless the user or app...
02:message/developer:You are `/root`, the primary agent in a team of agents collabora...
03:message/developer:<PERMISSIONS_INSTRUCTIONS>
04:message/developer:<skills_usage_instructions>\n## How to use skills\n- Use the sma...
05:message/developer:<NO_TEXT>
06:message/developer:<personality_spec> The user has requested a new communication st...
07:message/user:hello world
08:message/assistant:FIRST_REPLY
09:message/user:<SUMMARIZATION_PROMPT>

## before rollback
00:message/developer:<root_orchestration_instructions>When several independent tool c...
01:message/developer:<multi_agent_mode>Do not spawn sub-agents unless the user or app...
02:message/developer:You are `/root`, the primary agent in a team of agents collabora...
03:message/developer:<PERMISSIONS_INSTRUCTIONS>
04:message/developer:<skills_usage_instructions>\n## How to use skills\n- Use the sma...
05:message/developer:<NO_TEXT>
06:message/developer:<personality_spec> The user has requested a new communication st...
07:message/user:<ENVIRONMENT_CONTEXT:cwd=<CWD>>
08:message/user:<COMPACTION_SUMMARY>\nSUMMARY_ONLY_CONTEXT
09:message/user:EDITED_AFTER_COMPACT

## after rollback
00:message/developer:<root_orchestration_instructions>When several independent tool c...
01:message/developer:<multi_agent_mode>Do not spawn sub-agents unless the user or app...
02:message/developer:You are `/root`, the primary agent in a team of agents collabora...
03:message/developer:<PERMISSIONS_INSTRUCTIONS>
04:message/developer:<skills_usage_instructions>\n## How to use skills\n- Use the sma...
05:message/developer:<NO_TEXT>
06:message/developer:<personality_spec> The user has requested a new communication st...
07:message/user:<COMPACTION_SUMMARY>\nSUMMARY_ONLY_CONTEXT
08:message/user:<ENVIRONMENT_CONTEXT:cwd=<CWD>>
09:message/user:AFTER_ROLLBACK
