---
source: core/tests/suite/compact_resume_fork.rs
assertion_line: 505
expression: "context_snapshot::format_labeled_requests_snapshot(\"rollback trims pre-turn override context updates before the follow-up request\",\n&[(\"rolled-back turn request\", &requests[1]),\n(\"follow-up request after rollback\", &requests[2]),],\n&ContextSnapshotOptions::default().strip_capability_instructions().render_mode(ContextSnapshotRenderMode::KindWithTextPrefix\n{ max_chars: 96 }),)"
---
Scenario: rollback trims pre-turn override context updates before the follow-up request

## rolled-back turn request
00:message/developer:<collaboration_mode>ROLLED_BACK_DEV_INSTRUCTIONS</collaboration_mode>
01:message/developer:<multi_agent_mode>Do not spawn sub-agents unless the user or applicable AGENTS.md/skill instruct...
02:message/developer:You are `/root`, the primary agent in a team of agents collaborating to fulfill the user's goals...
03:message/developer:<PERMISSIONS_INSTRUCTIONS>
04:message/developer:<NO_TEXT>
05:message/developer:<personality_spec>Use the following communication style for future messages:\nBe concise, direct...
06:message/user:turn 1 user
07:message/assistant:turn 1 assistant
08:message/user:<ENVIRONMENT_CONTEXT:cwd=PRETURN_CONTEXT_DIFF_CWD>
09:message/user:turn 2 user

## follow-up request after rollback
00:message/developer:<collaboration_mode>ROLLED_BACK_DEV_INSTRUCTIONS</collaboration_mode>
01:message/developer:<multi_agent_mode>Do not spawn sub-agents unless the user or applicable AGENTS.md/skill instruct...
02:message/developer:You are `/root`, the primary agent in a team of agents collaborating to fulfill the user's goals...
03:message/developer:<PERMISSIONS_INSTRUCTIONS>
04:message/developer:<NO_TEXT>
05:message/developer:<personality_spec>Use the following communication style for future messages:\nBe concise, direct...
06:message/user:turn 1 user
07:message/assistant:turn 1 assistant
08:message/user:<ENVIRONMENT_CONTEXT:cwd=PRETURN_CONTEXT_DIFF_CWD>
09:message/user:follow-up user
