---
source: core/tests/suite/model_visible_layout.rs
expression: "format_labeled_requests_snapshot(\"First post-resume turn where resumed config model differs from rollout and personality changes.\",\n&[(\"Last Request Before Resume\", &initial_request),\n(\"First Request After Resume\", &resumed_request),])"
---
Scenario: First post-resume turn where resumed config model differs from rollout and personality changes.

## Last Request Before Resume
00:message/developer[3]:
    [01] <PERMISSIONS_INSTRUCTIONS>
    [02] <personality_spec>Use the following communication style for future messages:\nBe concise, direct...
    [03] <SKILLS_INSTRUCTIONS>
01:message/developer:<multi_agent_mode>Do not spawn sub-agents unless the user or applicable AGENTS.md/skill instruct...
02:message/user:<ENVIRONMENT_CONTEXT:cwd=<CWD>>
03:message/user:seed resume history
04:message/developer:<exhaustive_scope_feasibility>\nBefore committing to an exhaustive review or full-read request, ...

## First Request After Resume
00:message/developer:<SKILLS_INSTRUCTIONS>
01:message/developer:<multi_agent_mode>Do not spawn sub-agents unless the user or applicable AGENTS.md/skill instruct...
02:message/user:seed resume history
03:message/developer:<exhaustive_scope_feasibility>\nBefore committing to an exhaustive review or full-read request, ...
04:message/assistant:recorded before resume
05:message/developer[3]:
    [01] <model_switch>\nThe user was previously using a different model. Use the active instructions and...
    [02] <PERMISSIONS_INSTRUCTIONS>
    [03] <personality_spec>Use the following communication style for future messages:\nBe warm, collabora...
06:message/user:<ENVIRONMENT_CONTEXT:cwd=PRETURN_CONTEXT_DIFF_CWD>
07:message/user:resume and change personality
