---
source: core/tests/suite/model_visible_layout.rs
expression: "format_labeled_requests_snapshot(\"First post-resume turn where pre-turn override sets model to rollout model; no model-switch update should appear.\",\n&[(\"Last Request Before Resume\", &initial_request),\n(\"First Request After Resume + Override\", &resumed_request),])"
---
Scenario: First post-resume turn where pre-turn override sets model to rollout model; no model-switch update should appear.

## Last Request Before Resume
00:message/developer:<root_orchestration_instructions>When several independent tool calls and their result handling a...
01:message/developer:<multi_agent_mode>Do not spawn sub-agents unless the user or applicable AGENTS.md/skill instruct...
02:message/developer:You are `/root`, the primary agent in a team of agents collaborating to fulfill the user's goals...
03:message/developer:<PERMISSIONS_INSTRUCTIONS>
04:message/developer:<SKILLS_INSTRUCTIONS>
05:message/developer:<personality_spec> The user has requested a new communication style. Future messages should adhe...
06:message/user:<ENVIRONMENT_CONTEXT:cwd=<CWD>>
07:message/user:seed resume history

## First Request After Resume + Override
00:message/developer:<root_orchestration_instructions>When several independent tool calls and their result handling a...
01:message/developer:<multi_agent_mode>Do not spawn sub-agents unless the user or applicable AGENTS.md/skill instruct...
02:message/developer:You are `/root`, the primary agent in a team of agents collaborating to fulfill the user's goals...
03:message/developer:<PERMISSIONS_INSTRUCTIONS>
04:message/developer:<SKILLS_INSTRUCTIONS>
05:message/developer:<personality_spec> The user has requested a new communication style. Future messages should adhe...
06:message/user:seed resume history
07:message/assistant:recorded before resume
08:message/user:<ENVIRONMENT_CONTEXT:cwd=PRETURN_CONTEXT_DIFF_CWD>
09:message/user:first resumed turn after model override
