---
source: core/tests/suite/compact.rs
assertion_line: 4752
expression: "format_labeled_requests_snapshot(\"Pre-turn auto-compaction context-window failure: compaction request excludes the incoming user message and the turn errors.\",\n&[(\"Local Compaction Request (Incoming User Excluded)\", &requests[1]),])"
---
Scenario: Pre-turn auto-compaction context-window failure: compaction request excludes the incoming user message and the turn errors.

## Local Compaction Request (Incoming User Excluded)
00:message/developer:<multi_agent_mode>Do not spawn sub-agents unless the user or app...
01:message/developer:You are `/root`, the primary agent in a team of agents collabora...
02:message/developer:<PERMISSIONS_INSTRUCTIONS>
03:message/developer:<skills_usage_instructions>\n## How to use skills\n- Use the sma...
04:message/developer:<NO_TEXT>
05:message/developer:<personality_spec>Use the following communication style for futu...
06:message/user:USER_ONE
07:message/assistant:FIRST_REPLY
08:message/user:<SUMMARIZATION_PROMPT>
