---
source: core/tests/suite/pending_input.rs
expression: snapshot
---
Scenario: /responses POST bodies (input only, redacted like other suite snapshots)

## First request
00:message/developer[2]:
    [01] <PERMISSIONS_INSTRUCTIONS>
    [02] <personality_spec>Use the following communication style for future messages:\nBe concise, direct, and engineering-focused. State assumptions, tradeoffs, and next actions plainly; avoid filler.</personality_spec>
01:message/developer:<multi_agent_mode>Do not spawn sub-agents unless the user or applicable AGENTS.md/skill instructions explicitly ask for sub-agents, delegation, or parallel agent work. Requests for thoroughness or investigation alone do not authorize spawning.</multi_agent_mode>
02:message/user:<ENVIRONMENT_CONTEXT:cwd=<CWD>>
03:message/user:first prompt
04:message/developer:<exhaustive_scope_feasibility>\nBefore committing to an exhaustive review or full-read request, use the known file count, byte volume, and tool throughput to assess whether the requested coverage is feasible. Do not silently substitute a sample for the requested scope. If it is infeasible without delegation, and delegation is not authorized, ask once whether to narrow the scope or set a time limit. Reuse a scope or limit the user already chose; do not ask repeatedly or spawn agents without authorization. Preserve a coverage ledger and report unfinished coverage explicitly.\n</exhaustive_scope_feasibility>

## Second request
00:message/developer[2]:
    [01] <PERMISSIONS_INSTRUCTIONS>
    [02] <personality_spec>Use the following communication style for future messages:\nBe concise, direct, and engineering-focused. State assumptions, tradeoffs, and next actions plainly; avoid filler.</personality_spec>
01:message/developer:<multi_agent_mode>Do not spawn sub-agents unless the user or applicable AGENTS.md/skill instructions explicitly ask for sub-agents, delegation, or parallel agent work. Requests for thoroughness or investigation alone do not authorize spawning.</multi_agent_mode>
02:message/user:<ENVIRONMENT_CONTEXT:cwd=<CWD>>
03:message/user:first prompt
04:message/developer:<exhaustive_scope_feasibility>\nBefore committing to an exhaustive review or full-read request, use the known file count, byte volume, and tool throughput to assess whether the requested coverage is feasible. Do not silently substitute a sample for the requested scope. If it is infeasible without delegation, and delegation is not authorized, ask once whether to narrow the scope or set a time limit. Reuse a scope or limit the user already chose; do not ask repeatedly or spawn agents without authorization. Preserve a coverage ledger and report unfinished coverage explicitly.\n</exhaustive_scope_feasibility>
05:reasoning:summary=thinking:encrypted=true
06:function_call/shell
07:message/assistant:first answer
08:function_call_output:unsupported call: shell. No tool was run. Use an exact name from the current tool declarations; if tool_search is available, use it to discover and activate a missing tool. In code mode, inspect ALL_TOOL_NAMES and resolve_tool(name) before retrying.
09:message/user:second prompt
