---
source: core/tests/suite/model_visible_layout.rs
assertion_line: 608
expression: "format_labeled_requests_snapshot(\"First post-resume turn where pre-turn override sets model to rollout model; no model-switch update should appear.\",\n&[(\"Last Request Before Resume\", &initial_request),\n(\"First Request After Resume + Override\", &resumed_request),])"
---
Scenario: First post-resume turn where pre-turn override sets model to rollout model; no model-switch update should appear.

## Last Request Before Resume
00:message/developer[4]:
    [01] <PERMISSIONS_INSTRUCTIONS>
    [02] <configured_developer_instructions state="removed" />
    [03] <personality_spec>Use the following communication style for future messages:\nBe concise, direct...
    [04] <SKILLS_INSTRUCTIONS>
01:message/developer[2]:
    [01] <multi_agent_usage_hint state="present" />
    [02] You are `/root`, the primary agent in a team of agents collaborating to fulfill the user's goals...
02:message/developer:<multi_agent_mode>Do not spawn sub-agents unless the user or applicable AGENTS.md/skill instruct...
03:message/user:<ENVIRONMENT_CONTEXT:cwd=<CWD>>
04:message/user:seed resume history

## First Request After Resume + Override
00:message/developer[4]:
    [01] <PERMISSIONS_INSTRUCTIONS>
    [02] <configured_developer_instructions state="removed" />
    [03] <personality_spec>Use the following communication style for future messages:\nBe concise, direct...
    [04] <SKILLS_INSTRUCTIONS>
01:message/developer[2]:
    [01] <multi_agent_usage_hint state="present" />
    [02] You are `/root`, the primary agent in a team of agents collaborating to fulfill the user's goals...
02:message/developer:<multi_agent_mode>Do not spawn sub-agents unless the user or applicable AGENTS.md/skill instruct...
03:message/user:<ENVIRONMENT_CONTEXT:cwd=<CWD>>
04:message/user:seed resume history
05:message/assistant:recorded before resume
06:message/user:<ENVIRONMENT_CONTEXT:cwd=PRETURN_CONTEXT_DIFF_CWD>
07:message/user:first resumed turn after model override
