---
source: core/tests/suite/model_visible_layout.rs
expression: "format_labeled_requests_snapshot(\"Second turn changes cwd, approval policy, and personality while keeping model constant.\",\n&[(\"First Request (Baseline)\", &requests[0]),\n(\"Second Request (Turn Overrides)\", &requests[1]),])"
---
Scenario: Second turn changes cwd, approval policy, and personality while keeping model constant.

## First Request (Baseline)
00:message/developer:<root_orchestration_instructions>When several independent tool calls and their result handling a...
01:message/developer:<multi_agent_mode>Do not spawn sub-agents unless the user or applicable AGENTS.md/skill instruct...
02:message/developer:You are `/root`, the primary agent in a team of agents collaborating to fulfill the user's goals...
03:message/user:<task_model_guidance>Before acting, form and maintain a working task model from the current requ...
04:message/developer:<PERMISSIONS_INSTRUCTIONS>
05:message/developer:<SKILLS_INSTRUCTIONS>
06:message/developer:<personality_spec> The user has requested a new communication style. Future messages should adhe...
07:message/user:<ENVIRONMENT_CONTEXT:cwd=<CWD>>
08:message/user:first turn

## Second Request (Turn Overrides)
00:message/developer:<root_orchestration_instructions>When several independent tool calls and their result handling a...
01:message/developer:<multi_agent_mode>Do not spawn sub-agents unless the user or applicable AGENTS.md/skill instruct...
02:message/developer:You are `/root`, the primary agent in a team of agents collaborating to fulfill the user's goals...
03:message/user:<task_model_guidance>Before acting, form and maintain a working task model from the current requ...
04:message/developer:<PERMISSIONS_INSTRUCTIONS>
05:message/developer:<SKILLS_INSTRUCTIONS>
06:message/developer:<personality_spec> The user has requested a new communication style. Future messages should adhe...
07:message/user:first turn
08:message/assistant:turn one complete
09:message/user:<ENVIRONMENT_CONTEXT:cwd=PRETURN_CONTEXT_DIFF_CWD>
10:message/user:second turn with context updates
