---
source: core/tests/suite/additional_context.rs
expression: "context_snapshot::format_labeled_requests_snapshot(\"additional context is inserted before the user turn input.\",\n&[(\"Request\", &request)],\n&ContextSnapshotOptions::default().strip_capability_instructions().render_mode(ContextSnapshotRenderMode::KindWithTextPrefix\n{ max_chars: 160 }),)"
---
Scenario: additional context is inserted before the user turn input.

## Request
00:message/developer:<root_orchestration_instructions>When several independent tool calls and their result handling are already\nknown, request them together using available paralle...
01:message/developer:<multi_agent_mode>Do not spawn sub-agents unless the user or applicable AGENTS.md/skill instructions explicitly ask for sub-agents, delegation, or parallel agen...
02:message/developer:You are `/root`, the primary agent in a team of agents collaborating to fulfill the user's goals.\n\nAt the start of your turn, you are the active agent.\n\nYou...
03:message/developer:<PERMISSIONS_INSTRUCTIONS>
04:message/developer:<skills_usage_instructions>\n## How to use skills\n- Use the smallest skill set named by the user or clearly matched by the task; announce it, state ordering wh...
05:message/developer:<NO_TEXT>
06:message/developer:<personality_spec> The user has requested a new communication style. Future messages should adhere to the following personality: \n# Personality\n\nYou are a de...
07:message/user:<external_context source="browser_info" kind="untrusted">\ntab one\n</external_context>
08:message/developer:<application_context source="automation_info" kind="application">\nrun one\n</application_context>
09:message/user:inspect the active tab
