---
source: core/tests/suite/model_visible_layout.rs
expression: "format_labeled_requests_snapshot(\"Normal turns refresh AGENTS.md after a cwd change and after a same-cwd, same-length content edit.\",\n&[(\"First Request (agents_one)\", &requests[0]),\n(\"Second Request (agents_two cwd)\", &requests[1]),\n(\"Third Request (agents_two edited)\", &requests[2]),])"
---
Scenario: Normal turns refresh AGENTS.md after a cwd change and after a same-cwd, same-length content edit.

## First Request (agents_one)
00:message/user:<AGENTS_MD>
01:message/developer:<root_orchestration_instructions>When several independent tool calls and their result handling a...
02:message/developer:<multi_agent_mode>Do not spawn sub-agents unless the user or applicable AGENTS.md/skill instruct...
03:message/developer:You are `/root`, the primary agent in a team of agents collaborating to fulfill the user's goals...
04:message/user:<task_model_guidance>Before acting, form and maintain a working task model from the current requ...
05:message/developer:<PERMISSIONS_INSTRUCTIONS>
06:message/developer:<SKILLS_INSTRUCTIONS>
07:message/developer:<personality_spec> The user has requested a new communication style. Future messages should adhe...
08:message/user:<ENVIRONMENT_CONTEXT:cwd=<CWD>>
09:message/user:first turn in agents_one

## Second Request (agents_two cwd)
00:message/user:<AGENTS_MD>
01:message/developer:<root_orchestration_instructions>When several independent tool calls and their result handling a...
02:message/developer:<multi_agent_mode>Do not spawn sub-agents unless the user or applicable AGENTS.md/skill instruct...
03:message/developer:You are `/root`, the primary agent in a team of agents collaborating to fulfill the user's goals...
04:message/user:<task_model_guidance>Before acting, form and maintain a working task model from the current requ...
05:message/developer:<PERMISSIONS_INSTRUCTIONS>
06:message/developer:<SKILLS_INSTRUCTIONS>
07:message/developer:<personality_spec> The user has requested a new communication style. Future messages should adhe...
08:message/user:first turn in agents_one
09:message/assistant:turn one complete
10:message/user:<ENVIRONMENT_CONTEXT:cwd=<CWD>>
11:message/user:second turn in agents_two

## Third Request (agents_two edited)
00:message/user:<AGENTS_MD>
01:message/developer:<root_orchestration_instructions>When several independent tool calls and their result handling a...
02:message/developer:<multi_agent_mode>Do not spawn sub-agents unless the user or applicable AGENTS.md/skill instruct...
03:message/developer:You are `/root`, the primary agent in a team of agents collaborating to fulfill the user's goals...
04:message/user:<task_model_guidance>Before acting, form and maintain a working task model from the current requ...
05:message/developer:<PERMISSIONS_INSTRUCTIONS>
06:message/developer:<SKILLS_INSTRUCTIONS>
07:message/developer:<personality_spec> The user has requested a new communication style. Future messages should adhe...
08:message/user:first turn in agents_one
09:message/assistant:turn one complete
10:message/user:<ENVIRONMENT_CONTEXT:cwd=<CWD>>
11:message/user:second turn in agents_two
12:message/assistant:turn two complete
13:message/user:third turn after same-cwd AGENTS edit
