---
source: tui/src/history_cell/tests.rs
expression: rendered
---
╭────────────────────────────────────────────────────────────────────────────────────────────────────────────╮
│ ✨ Update available! 0.0.0 -> 9.9.9                                                                        │
│ Run powershell -ExecutionPolicy Bypass -c '$env:CODEX_NON_INTERACTIVE=1; irm                               │
│ https://raw.githubusercontent.com/ikhdark/KD4/main/scripts/install/install.ps1 | iex' to update.           │
│                                                                                                            │
│ See full release notes:                                                                                    │
│ https://github.com/ikhdark/KD4/releases/latest                                                             │
╰────────────────────────────────────────────────────────────────────────────────────────────────────────────╯
