---
source: tui/src/history_cell/tests.rs
expression: rendered
---
╭─────────────────────────────────────╮
│ >_ OpenAI Codex (v0.0.0)            │
│                                     │
│ model:     gpt-5   /model to change │
│ directory: C:\project               │
╰─────────────────────────────────────╯

  Tip: Model just became available
